// Jest Snapshot v1, https://goo.gl/fbAQLP

exports[`MainVisual renders correctly 1`] = `
<div
  className="jsx-4256674884 hero"
>
  <div
    className="jsx-4256674884 cover"
  >
    <picture
      className="jsx-4256674884"
    >
      <source
        className="jsx-4256674884"
        srcSet="test-file-stub"
        type="image/webp"
      />
      <img
        alt=""
        className="jsx-4256674884 cover__image"
        height="600"
        role="presentation"
        src="test-file-stub"
        width="800"
      />
    </picture>
  </div>
  <div
    className="jsx-4256674884 hero__content"
  />
</div>
`;
