// Jest Snapshot v1, https://goo.gl/fbAQLP

exports[`Footer renders correctly 1`] = `
<footer
  className="jsx-1012071016 footer"
>
  <div
    className="jsx-3982792815 container footer__content"
  >
    <p
      className="jsx-1012071016 copyright"
    >
      Copyright © 2020 
      <a
        className="jsx-1012071016 copyright__link"
        href="https://haneru.dev/"
        rel="noopener noreferrer"
        target="_blank"
      >
        Haneru Developers
      </a>
      .
    </p>
    <nav
      className="jsx-1012071016 footer__links"
    >
      <ul
        className="jsx-1012071016"
      >
        <li
          className="jsx-1012071016"
        >
          <a
            className="jsx-1012071016"
            href="/privacy"
            onClick={[Function]}
            onMouseEnter={[Function]}
          >
            プライバシーポリシー
          </a>
        </li>
      </ul>
    </nav>
  </div>
</footer>
`;
