// Jest Snapshot v1, https://goo.gl/fbAQLP

exports[`Footer renders correctly 1`] = `
<footer
  className="makeStyles-root-1"
>
  <div
    className="MuiContainer-root MuiContainer-maxWidthLg"
  >
    <p
      className="MuiTypography-root MuiTypography-body2 MuiTypography-colorTextSecondary MuiTypography-alignCenter"
    >
      Copyright © 2019 
      <a
        className="MuiTypography-root MuiLink-root MuiLink-underlineHover MuiTypography-colorInherit"
        href="https://haneru.dev/"
        onBlur={[Function]}
        onFocus={[Function]}
        rel="noreferrer noopener"
        target="_blank"
      >
        Haneru Developers
      </a>
      .
    </p>
  </div>
</footer>
`;
