// Jest Snapshot v1, https://goo.gl/fbAQLP

exports[`Header renders correctly 1`] = `
<header
  className="jsx-856715302 header"
>
  <div
    className="jsx-3982792815 container header__content"
  >
    <a
      className="jsx-856715302 header__brand"
      href="/"
      onClick={[Function]}
      onMouseEnter={[Function]}
    >
      <SvgMock
        aria-label="Inaba Jinja"
        className="jsx-1961443691 header__logo"
        focusable="false"
        role="img"
      />
    </a>
  </div>
</header>
`;
