// Jest Snapshot v1, https://goo.gl/fbAQLP

exports[`Header renders correctly 1`] = `
<header
  className="MuiPaper-root MuiPaper-elevation0 MuiAppBar-root MuiAppBar-positionFixed makeStyles-root-1 MuiAppBar-colorDefault mui-fixed"
>
  <div
    className="MuiToolbar-root MuiToolbar-regular MuiToolbar-gutters"
  >
    <div
      className="MuiContainer-root MuiContainer-maxWidthLg"
    >
      <h6
        className="MuiTypography-root makeStyles-title-4 MuiTypography-h6 MuiTypography-noWrap"
      >
        <a
          className="MuiTypography-root MuiLink-root MuiLink-underlineNone MuiTypography-colorInherit"
          href="/"
          onBlur={[Function]}
          onClick={[Function]}
          onFocus={[Function]}
          onMouseEnter={[Function]}
        >
          <SvgMock
            aria-label="Inaba Jinja"
            className="makeStyles-root-89 makeStyles-logo-2"
            focusable="false"
            role="img"
          />
        </a>
      </h6>
    </div>
  </div>
</header>
`;
