// Jest Snapshot v1, https://goo.gl/fbAQLP

exports[`Header renders correctly 1`] = `
<div
  className="MuiCollapse-container MuiCollapse-entered"
  style={
    Object {
      "minHeight": "0px",
    }
  }
>
  <div
    className="MuiCollapse-wrapper"
  >
    <div
      className="MuiCollapse-wrapperInner"
    >
      <header
        className="MuiPaper-root MuiPaper-elevation0 MuiAppBar-root MuiAppBar-positionFixed MuiAppBar-colorDefault mui-fixed"
      >
        <div
          className="MuiToolbar-root MuiToolbar-regular MuiToolbar-gutters"
        >
          <div
            className="MuiContainer-root MuiContainer-maxWidthLg"
          >
            <h6
              className="MuiTypography-root makeStyles-title-2 MuiTypography-h6 MuiTypography-noWrap"
            >
              <a
                className="MuiTypography-root MuiLink-root MuiLink-underlineNone MuiTypography-colorInherit"
                href="/"
                onBlur={[Function]}
                onClick={[Function]}
                onFocus={[Function]}
                onMouseEnter={[Function]}
              >
                因幡神社
              </a>
            </h6>
          </div>
        </div>
      </header>
      <div
        className="MuiToolbar-root MuiToolbar-regular MuiToolbar-gutters"
      />
    </div>
  </div>
</div>
`;
